[INFO] CODE 101 Total cases processed: 275
[INFO] CODE 101 Total cases processed: 320
[INFO] CODE 101 Total cases processed: 360
[INFO] CODE 101 Total cases processed: 265
[INFO] CODE 101 Total cases processed: 405
[INFO] CODE 101 Total cases processed: 410
[INFO] CODE 101 Total cases processed: 121
[INFO] CODE 101 Total cases processed: 438
[INFO] CODE 101 Total cases processed: 323
[INFO] CODE 101 Total cases processed: 437
[INFO] CODE 101 Total cases processed: 369
[INFO] CODE 101 Total cases processed: 332
[INFO] CODE 101 Total cases processed: 452
[INFO] CODE 101 Total cases processed: 407
[INFO] CODE 101 Total cases processed: 367
[INFO] CODE 101 Total cases processed: 209
[INFO] CODE 101 Total cases processed: 458
[INFO] CODE 101 Total cases processed: 306
[INFO] CODE 101 Total cases processed: 171
[INFO] CODE 101 Total cases processed: 196
[INFO] CODE 101 Total cases processed: 487
[INFO] CODE 101 Total cases processed: 273
[INFO] CODE 101 Total cases processed: 135
[INFO] CODE 101 Total cases processed: 422
[INFO] CODE 101 Total cases processed: 494
[INFO] CODE 101 Total cases processed: 317
[INFO] CODE 101 Total cases processed: 373
[INFO] CODE 101 Total cases processed: 169
[INFO] CODE 101 Total cases processed: 191
[INFO] CODE 101 Total cases processed: 193
[INFO] CODE 101 Total cases processed: 121
[INFO] CODE 101 Total cases processed: 195
[INFO] CODE 101 Total cases processed: 489
[INFO] CODE 101 Total cases processed: 313
[INFO] CODE 101 Total cases processed: 157
[INFO] CODE 101 Total cases processed: 216
[INFO] CODE 101 Total cases processed: 284
[INFO] CODE 101 Total cases processed: 354
[INFO] CODE 101 Total cases processed: 463
[INFO] CODE 101 Total cases processed: 130
[INFO] CODE 101 Total cases processed: 435
[INFO] CODE 101 Total cases processed: 409
[INFO] CODE 101 Total cases processed: 127
[INFO] CODE 101 Total cases processed: 310
[INFO] CODE 101 Total cases processed: 252
[INFO] CODE 101 Total cases processed: 309
[INFO] CODE 101 Total cases processed: 406
[INFO] CODE 101 Total cases processed: 498
[INFO] CODE 101 Total cases processed: 451
[INFO] CODE 101 Total cases processed: 328
[INFO] CODE 101 Total cases processed: 419
[INFO] CODE 101 Total cases processed: 233
[INFO] CODE 101 Total cases processed: 272
[INFO] CODE 101 Total cases processed: 196
[INFO] CODE 101 Total cases processed: 451
[INFO] CODE 101 Total cases processed: 221
[INFO] CODE 101 Total cases processed: 447
[INFO] CODE 101 Total cases processed: 264
[INFO] CODE 101 Total cases processed: 293
[INFO] CODE 101 Total cases processed: 271
[INFO] CODE 101 Total cases processed: 385
[INFO] CODE 101 Total cases processed: 236
[INFO] CODE 101 Total cases processed: 242
[INFO] CODE 101 Total cases processed: 409
[INFO] CODE 101 Total cases processed: 104
[INFO] CODE 101 Total cases processed: 232
[INFO] CODE 101 Total cases processed: 375
[INFO] CODE 101 Total cases processed: 404
[INFO] CODE 101 Total cases processed: 344
[INFO] CODE 101 Total cases processed: 391
[INFO] CODE 101 Total cases processed: 208
[INFO] CODE 101 Total cases processed: 416
[INFO] CODE 101 Total cases processed: 345
[INFO] CODE 101 Total cases processed: 261
[INFO] CODE 101 Total cases processed: 107
[INFO] CODE 101 Total cases processed: 335
[INFO] CODE 101 Total cases processed: 470
[INFO] CODE 101 Total cases processed: 149
[INFO] CODE 101 Total cases processed: 387
[INFO] CODE 101 Total cases processed: 230
[INFO] CODE 101 Total cases processed: 432
[INFO] CODE 101 Total cases processed: 476
[INFO] CODE 101 Total cases processed: 429
[INFO] CODE 101 Total cases processed: 470
[INFO] CODE 101 Total cases processed: 200
[INFO] CODE 101 Total cases processed: 319
[INFO] CODE 101 Total cases processed: 452
[INFO] CODE 101 Total cases processed: 309
[INFO] CODE 101 Total cases processed: 435
[INFO] CODE 101 Total cases processed: 101
[INFO] CODE 101 Total cases processed: 273
[INFO] CODE 101 Total cases processed: 312
[INFO] CODE 101 Total cases processed: 110
[INFO] CODE 101 Total cases processed: 318
[INFO] CODE 101 Total cases processed: 170
[INFO] CODE 101 Total cases processed: 215
[INFO] CODE 101 Total cases processed: 163
[INFO] CODE 101 Total cases processed: 121
[INFO] CODE 101 Total cases processed: 448
[INFO] CODE 101 Total cases processed: 176
[INFO] CODE 101 Total cases processed: 489
[INFO] CODE 101 Total cases processed: 450
[INFO] CODE 101 Total cases processed: 457
[INFO] CODE 101 Total cases processed: 436
[INFO] CODE 101 Total cases processed: 159
[INFO] CODE 101 Total cases processed: 155
[INFO] CODE 101 Total cases processed: 345
[INFO] CODE 101 Total cases processed: 282
[INFO] CODE 101 Total cases processed: 428
[INFO] CODE 101 Total cases processed: 382
[INFO] CODE 101 Total cases processed: 422
[INFO] CODE 101 Total cases processed: 285
[INFO] CODE 101 Total cases processed: 332
[INFO] CODE 101 Total cases processed: 292
